{
  "algorithm": "DP-CVAE",
  "task": "MNIST digit 8",
  "evaluator_architecture": "lenet",
  "num_generated_samples": 10000,
  "num_real_samples_for_fid": 974,
  "requested_label_accuracy": 0.9998999834060669,
  "class_consistency_accuracy": null,
  "target_digit_accuracy": 0.9998999834060669,
  "mean_classifier_confidence": 0.98264080286026,
  "class_coverage_count": 2,
  "robust_class_coverage_at_1_percent": 1,
  "class_distribution_entropy": 0.0010210290370309323,
  "normalized_class_distribution_entropy": 0.00044342727664552483,
  "feature_fid": 1539.1700901600207,
  "fid_reference": "MNIST test digit 8",
  "real_reference_classifier_accuracy": 0.9897330595482546,
  "epsilon": 1.899503524998805,
  "delta": 1e-05,
  "noise_multiplier": 2.255859375,
  "max_grad_norm": 1.0,
  "training_duration_seconds": 114.72704243659973,
  "evaluation_duration_seconds": 2.612037181854248,
  "seed": 2026,
  "metric_note": "Compare feature FID only within the same task, evaluator, sample count and preprocessing. For a single-digit model, requested-label accuracy is the target-digit recognition rate."
}
