{
  "algorithm": "DP-CVAE",
  "task": "MNIST digit 8",
  "evaluator_architecture": "lenet",
  "num_generated_samples": 10000,
  "num_real_samples_for_fid": 974,
  "requested_label_accuracy": 0.9995999932289124,
  "class_consistency_accuracy": null,
  "target_digit_accuracy": 0.9995999932289124,
  "mean_classifier_confidence": 0.9933944344520569,
  "class_coverage_count": 3,
  "robust_class_coverage_at_1_percent": 1,
  "class_distribution_entropy": 0.003806797265897651,
  "normalized_class_distribution_entropy": 0.0016532710463037358,
  "feature_fid": 1124.8387747787447,
  "fid_reference": "MNIST test digit 8",
  "real_reference_classifier_accuracy": 0.9897330595482546,
  "epsilon": 7.99443467969732,
  "delta": 1e-05,
  "noise_multiplier": 0.90301513671875,
  "max_grad_norm": 1.0,
  "training_duration_seconds": 106.52552390098572,
  "evaluation_duration_seconds": 2.3349149227142334,
  "seed": 2026,
  "metric_note": "Compare feature FID only within the same task, evaluator, sample count and preprocessing. For a single-digit model, requested-label accuracy is the target-digit recognition rate."
}
