{
  "algorithm": "DP-WGAN-CP",
  "task": "MNIST digit 8",
  "evaluator_architecture": "convnet",
  "num_generated_samples": 10000,
  "num_real_samples_for_fid": 974,
  "requested_label_accuracy": 0.9829999804496765,
  "class_consistency_accuracy": null,
  "target_digit_accuracy": 0.9829999804496765,
  "mean_classifier_confidence": 0.9752169847488403,
  "class_coverage_count": 9,
  "robust_class_coverage_at_1_percent": 1,
  "class_distribution_entropy": 0.11189761556474198,
  "normalized_class_distribution_entropy": 0.04859651697789886,
  "feature_fid": 140.14674425063308,
  "fid_reference": "MNIST test digit 8",
  "real_reference_classifier_accuracy": 0.9774127310061602,
  "epsilon": 7.998524829795445,
  "delta": 1e-05,
  "noise_multiplier": 0.95458984375,
  "max_grad_norm": 1.0,
  "training_duration_seconds": 96.36452770233154,
  "evaluation_duration_seconds": 2.0161845684051514,
  "seed": 2026,
  "metric_note": "Compare feature FID only within the same task, evaluator, sample count and preprocessing. For a single-digit model, requested-label accuracy is the target-digit recognition rate."
}
