{"algorithm": "DP-WGAN-CP", "dataset": "MNIST digit 8", "dataset_size": 5851, "noise_multiplier": 0.95458984375, "device": "cuda"}
{"epoch": 1, "critic_loss": -0.01580081859846478, "generator_loss": -0.0028162146903923714, "wasserstein_estimate": 0.01580081859846478, "clip_boundary_fraction": 0.05062265566391599, "epsilon": 1.875623967211905, "duration_seconds": 2.3249688148498535}
{"epoch": 2, "critic_loss": -0.027216386090478172, "generator_loss": -0.01535233606894811, "wasserstein_estimate": 0.027216386090478172, "clip_boundary_fraction": 0.023369842460615155, "epsilon": 2.158820276672568, "duration_seconds": 1.7908082008361816}
{"epoch": 3, "critic_loss": -0.0317086990436782, "generator_loss": -0.0393999480875209, "wasserstein_estimate": 0.0317086990436782, "clip_boundary_fraction": 0.02075671091685964, "epsilon": 2.3972842022969023, "duration_seconds": 1.6759111881256104}
{"epoch": 4, "critic_loss": -0.029569412622114887, "generator_loss": -0.07587123091022173, "wasserstein_estimate": 0.029569412622114887, "clip_boundary_fraction": 0.019162790697674417, "epsilon": 2.61229401212466, "duration_seconds": 1.8571512699127197}
{"epoch": 5, "critic_loss": -0.019402429947386616, "generator_loss": -0.11068525264660517, "wasserstein_estimate": 0.019402429947386616, "clip_boundary_fraction": 0.017377213868684557, "epsilon": 2.81072675909018, "duration_seconds": 2.0024476051330566}
{"epoch": 6, "critic_loss": -0.011424275520055191, "generator_loss": -0.1292168223299086, "wasserstein_estimate": 0.011424275520055191, "clip_boundary_fraction": 0.015844613327244853, "epsilon": 2.998029652178636, "duration_seconds": 2.122058391571045}
{"epoch": 7, "critic_loss": -0.009596551566020302, "generator_loss": -0.12940705418586732, "wasserstein_estimate": 0.009596551566020302, "clip_boundary_fraction": 0.015159529012687953, "epsilon": 3.1746687531538287, "duration_seconds": 2.3990280628204346}
{"epoch": 8, "critic_loss": -0.009564510344163231, "generator_loss": -0.12588192870219547, "wasserstein_estimate": 0.009564510344163231, "clip_boundary_fraction": 0.014250562640660165, "epsilon": 3.3436157607016894, "duration_seconds": 2.6847198009490967}
{"epoch": 9, "critic_loss": -0.007784462007491485, "generator_loss": -0.10987382847815752, "wasserstein_estimate": 0.007784462007491485, "clip_boundary_fraction": 0.0134951563977951, "epsilon": 3.5058986724623784, "duration_seconds": 2.694453716278076}
{"epoch": 10, "critic_loss": -0.007586038307003353, "generator_loss": -0.10836904694636663, "wasserstein_estimate": 0.007586038307003353, "clip_boundary_fraction": 0.01311353925437881, "epsilon": 3.662338217997733, "duration_seconds": 2.281108856201172}
{"epoch": 11, "critic_loss": -0.007838669354500978, "generator_loss": -0.10402993460496267, "wasserstein_estimate": 0.007838669354500978, "clip_boundary_fraction": 0.012600410972308294, "epsilon": 3.8136566192305614, "duration_seconds": 1.9550726413726807}
{"epoch": 12, "critic_loss": -0.006574885838705561, "generator_loss": -0.10645522177219391, "wasserstein_estimate": 0.006574885838705561, "clip_boundary_fraction": 0.012376528914837408, "epsilon": 3.960507724651512, "duration_seconds": 1.9846172332763672}
{"epoch": 13, "critic_loss": -0.0025090063395707502, "generator_loss": -0.10581033726533254, "wasserstein_estimate": 0.0025090063395707502, "clip_boundary_fraction": 0.011480609282755471, "epsilon": 4.102822673637486, "duration_seconds": 1.9751620292663574}
{"epoch": 14, "critic_loss": 0.00036626600700875986, "generator_loss": -0.11223733127117157, "wasserstein_estimate": -0.00036626600700875986, "clip_boundary_fraction": 0.010425258488535179, "epsilon": 4.240978587854566, "duration_seconds": 1.579925775527954}
{"epoch": 15, "critic_loss": -0.0014041279969008072, "generator_loss": -0.09848736319690943, "wasserstein_estimate": 0.0014041279969008072, "clip_boundary_fraction": 0.010256303206236342, "epsilon": 4.376064488835864, "duration_seconds": 1.5963292121887207}
{"epoch": 16, "critic_loss": -0.0024074155675328297, "generator_loss": -0.0905245989561081, "wasserstein_estimate": 0.0024074155675328297, "clip_boundary_fraction": 0.010280048272937796, "epsilon": 4.508625322273617, "duration_seconds": 2.011988639831543}
{"epoch": 17, "critic_loss": -0.0005153090409610583, "generator_loss": -0.10185290525356928, "wasserstein_estimate": 0.0005153090409610583, "clip_boundary_fraction": 0.009867379888450373, "epsilon": 4.637032426761823, "duration_seconds": 2.053788185119629}
{"epoch": 18, "critic_loss": -0.003806871969414794, "generator_loss": -0.07452585222199559, "wasserstein_estimate": 0.003806871969414794, "clip_boundary_fraction": 0.009831370886199809, "epsilon": 4.763338659548578, "duration_seconds": 1.9785969257354736}
{"epoch": 19, "critic_loss": -0.0043703052012816716, "generator_loss": -0.09230421930551529, "wasserstein_estimate": 0.0043703052012816716, "clip_boundary_fraction": 0.009609315372321339, "epsilon": 4.887468148156887, "duration_seconds": 1.881338119506836}
{"epoch": 20, "critic_loss": -0.0013507322772689488, "generator_loss": -0.07929638624191285, "wasserstein_estimate": 0.0013507322772689488, "clip_boundary_fraction": 0.00927505789490851, "epsilon": 5.008379950145769, "duration_seconds": 2.5886495113372803}
{"epoch": 21, "critic_loss": -0.0022618195608906126, "generator_loss": -0.08096188073977828, "wasserstein_estimate": 0.0022618195608906126, "clip_boundary_fraction": 0.009135457777487851, "epsilon": 5.12838112523576, "duration_seconds": 1.9833292961120605}
{"epoch": 22, "critic_loss": -0.003597995023364606, "generator_loss": -0.07082983354727428, "wasserstein_estimate": 0.003597995023364606, "clip_boundary_fraction": 0.00913284842949868, "epsilon": 5.244740160388576, "duration_seconds": 1.76967453956604}
{"epoch": 23, "critic_loss": -0.0032827607963396154, "generator_loss": -0.0685724233587583, "wasserstein_estimate": 0.0032827607963396154, "clip_boundary_fraction": 0.009282494536677646, "epsilon": 5.360748376871228, "duration_seconds": 1.806105613708496}
{"epoch": 24, "critic_loss": -0.0015970628870570142, "generator_loss": -0.07821493316441774, "wasserstein_estimate": 0.0015970628870570142, "clip_boundary_fraction": 0.009110538504191268, "epsilon": 5.473395602255316, "duration_seconds": 1.779733419418335}
{"epoch": 25, "critic_loss": 0.0014672131965989652, "generator_loss": -0.0800533726811409, "wasserstein_estimate": -0.0014672131965989652, "clip_boundary_fraction": 0.008498254998532241, "epsilon": 5.585534244605331, "duration_seconds": 1.886554479598999}
{"epoch": 26, "critic_loss": -0.0017478959229977234, "generator_loss": -0.0689865027864774, "wasserstein_estimate": 0.0017478959229977234, "clip_boundary_fraction": 0.00841606053687335, "epsilon": 5.695326486241889, "duration_seconds": 1.8356776237487793}
{"epoch": 27, "critic_loss": -0.005242599498318589, "generator_loss": -0.06336210831068456, "wasserstein_estimate": 0.005242599498318589, "clip_boundary_fraction": 0.008730095567370103, "epsilon": 5.803708598090937, "duration_seconds": 1.7835636138916016}
{"epoch": 28, "critic_loss": -0.0009748485425244207, "generator_loss": -0.05956023285786311, "wasserstein_estimate": 0.0009748485425244207, "clip_boundary_fraction": 0.008313513160898919, "epsilon": 5.911534786657976, "duration_seconds": 1.772526741027832}
{"epoch": 29, "critic_loss": -0.001354543897120849, "generator_loss": -0.0661628559231758, "wasserstein_estimate": 0.001354543897120849, "clip_boundary_fraction": 0.008181871554845234, "epsilon": 6.016264422836077, "duration_seconds": 1.753488302230835}
{"epoch": 30, "critic_loss": -0.0001202057237210481, "generator_loss": -0.07301477901637554, "wasserstein_estimate": 0.0001202057237210481, "clip_boundary_fraction": 0.007929808539091294, "epsilon": 6.120994059014178, "duration_seconds": 1.8088700771331787}
{"epoch": 31, "critic_loss": -0.0010283072681530662, "generator_loss": -0.06501597836613655, "wasserstein_estimate": 0.0010283072681530662, "clip_boundary_fraction": 0.007864574839362013, "epsilon": 6.224235647139527, "duration_seconds": 1.894730806350708}
{"epoch": 32, "critic_loss": -0.0023535864184732022, "generator_loss": -0.06858620097239812, "wasserstein_estimate": 0.0023535864184732022, "clip_boundary_fraction": 0.007953292670993836, "epsilon": 6.325409002568813, "duration_seconds": 1.7521092891693115}
{"epoch": 33, "critic_loss": -0.0008177394452302352, "generator_loss": -0.07500038482248783, "wasserstein_estimate": 0.0008177394452302352, "clip_boundary_fraction": 0.007623732019961512, "epsilon": 6.426582357998099, "duration_seconds": 1.8639230728149414}
{"epoch": 34, "critic_loss": 0.00022781348746755847, "generator_loss": -0.07401591936747233, "wasserstein_estimate": -0.00022781348746755847, "clip_boundary_fraction": 0.00738562901594964, "epsilon": 6.5264223970050095, "duration_seconds": 1.8272395133972168}
{"epoch": 35, "critic_loss": 0.0002737950695597607, "generator_loss": -0.05990631009141604, "wasserstein_estimate": -0.0002737950695597607, "clip_boundary_fraction": 0.007169444535046803, "epsilon": 6.624128755081024, "duration_seconds": 1.7274346351623535}
{"epoch": 36, "critic_loss": -0.0035339780151844025, "generator_loss": -0.06413816125132143, "wasserstein_estimate": 0.0035339780151844025, "clip_boundary_fraction": 0.007417984931015364, "epsilon": 6.72183511315704, "duration_seconds": 1.7734241485595703}
{"epoch": 37, "critic_loss": 0.0004562320916549019, "generator_loss": -0.06635334293047587, "wasserstein_estimate": -0.0004562320916549019, "clip_boundary_fraction": 0.007195798949737431, "epsilon": 6.819525109535927, "duration_seconds": 1.7797880172729492}
{"epoch": 38, "critic_loss": -0.0008984797674676646, "generator_loss": -0.06424327169855436, "wasserstein_estimate": 0.0008984797674676646, "clip_boundary_fraction": 0.007234417299977168, "epsilon": 6.913847643582318, "duration_seconds": 1.7600557804107666}
{"epoch": 39, "critic_loss": 0.001389226997676103, "generator_loss": -0.0733548910357058, "wasserstein_estimate": -0.001389226997676103, "clip_boundary_fraction": 0.006974004370657883, "epsilon": 7.008170177628707, "duration_seconds": 1.8351972103118896}
{"epoch": 40, "critic_loss": 0.0011235746838476348, "generator_loss": -0.06303788398702939, "wasserstein_estimate": -0.0011235746838476348, "clip_boundary_fraction": 0.006967220065886034, "epsilon": 7.102492711675098, "duration_seconds": 1.866070032119751}
{"epoch": 41, "critic_loss": 0.0007889142826847408, "generator_loss": -0.053870671739180885, "wasserstein_estimate": -0.0007889142826847408, "clip_boundary_fraction": 0.006817704426106526, "epsilon": 7.196072342717546, "duration_seconds": 1.7969789505004883}
{"epoch": 42, "critic_loss": -0.001031337791810865, "generator_loss": -0.05351548199541867, "wasserstein_estimate": 0.001031337791810865, "clip_boundary_fraction": 0.006949867901758047, "epsilon": 7.28708879715246, "duration_seconds": 1.7365314960479736}
{"epoch": 43, "critic_loss": 0.0020639165102139764, "generator_loss": -0.061399710426727934, "wasserstein_estimate": -0.0020639165102139764, "clip_boundary_fraction": 0.006563423464561791, "epsilon": 7.3781052515873755, "duration_seconds": 1.658170461654663}
{"epoch": 44, "critic_loss": 0.0006431736375974572, "generator_loss": -0.05870024437705676, "wasserstein_estimate": -0.0006431736375974572, "clip_boundary_fraction": 0.006564206268958544, "epsilon": 7.46912170602229, "duration_seconds": 1.5552771091461182}
{"epoch": 45, "critic_loss": 0.0014119908699522848, "generator_loss": -0.05342477257363498, "wasserstein_estimate": -0.0014119908699522848, "clip_boundary_fraction": 0.006429824847516227, "epsilon": 7.560138160457204, "duration_seconds": 1.771604061126709}
{"epoch": 46, "critic_loss": 0.001064877309229063, "generator_loss": -0.058483750373125074, "wasserstein_estimate": -0.001064877309229063, "clip_boundary_fraction": 0.0066651880361394715, "epsilon": 7.647989523877044, "duration_seconds": 1.774338960647583}
{"epoch": 47, "critic_loss": 0.0003643532324096431, "generator_loss": -0.05702028398712476, "wasserstein_estimate": -0.0003643532324096431, "clip_boundary_fraction": 0.006632310251475911, "epsilon": 7.7357727963160245, "duration_seconds": 1.7158880233764648}
{"epoch": 48, "critic_loss": 0.000861829065758249, "generator_loss": -0.04985164338722825, "wasserstein_estimate": -0.000861829065758249, "clip_boundary_fraction": 0.006544897093838678, "epsilon": 7.823556068755008, "duration_seconds": 1.7375869750976562}
{"epoch": 49, "critic_loss": 0.0005041373812634012, "generator_loss": -0.049251095453898115, "wasserstein_estimate": -0.0005041373812634012, "clip_boundary_fraction": 0.006464790110571121, "epsilon": 7.911339341193988, "duration_seconds": 1.7324726581573486}
{"epoch": 50, "critic_loss": 0.000527744626869326, "generator_loss": -0.053777691721916196, "wasserstein_estimate": -0.000527744626869326, "clip_boundary_fraction": 0.006328582145536384, "epsilon": 7.998524829795445, "duration_seconds": 1.7519302368164062}
{
  "status": "completed",
  "algorithm": "DP-WGAN-CP",
  "dataset": "MNIST digit 8",
  "dataset_size": 5851,
  "epochs": 50,
  "batch_size": 128,
  "epsilon": 7.998524829795445,
  "delta": 1e-05,
  "noise_multiplier": 0.95458984375,
  "weight_clip": 0.02,
  "total_duration_seconds": 96.36452770233154,
  "final_training_metrics": {
    "epoch": 50,
    "critic_loss": 0.000527744626869326,
    "generator_loss": -0.053777691721916196,
    "wasserstein_estimate": -0.000527744626869326,
    "clip_boundary_fraction": 0.006328582145536384,
    "epsilon": 7.998524829795445,
    "duration_seconds": 1.7519302368164062
  }
}
